// Vitest Snapshot v1

exports[`alternate fonts 1`] = `data:image/png;base64,iVBORw0KGgoAAAANSUhEUgAAAUAAAAC0CAYAAADl5PURAAAABmJLR0QA/wD/AP+gvaeTAAAC4klEQVR4nO3d0W7rIAwA0PZq///LvU+VImTAJqTqlnOkaWqKDc0WiyrQPh4AAAAAAAAAAAAAAAD8Pa/g53H43bat5l4Zz9kcmbzR82dfXzZ+pa9Kfri150LMq4k7XmxRvtnzK+2jNr24V3CsmvP4uM3Txr2C9u2xaJzReHp9jXJVzzdQMJrNtLPC7Aym2r4yjnbGOss1im3zjF5771j0uDemlb6y+eH2fi7O35tJ7WpfGcOu2E/Oqszg4EJXF8Ar3v4en58Vykybtt1q/syxZ9AmW+QqMSv5AQAAAAAAgL+gcoewepd0x13Ib7+TeXbx9c4xrPZ1duH0t/+NoKv6TzvaiZDJt2OXwpmlNe+Y6rh7eY7HZ+ckKhSV81l5HdXdL5ndLaN+2uPwK/zblKe9IKLdFyuFa0eOUdvehVzNE+Xs5W93cWQKTK//bF8zUcxoEXjURvHj19lVAFuzHRSZC3NHjm/zfHxud0mvr15buJ2rCuBs32r1LedqjuwMb0ee7IcprIxl1P/uvt6iD2OI7DrHAAAAAAAAwKdlPll5FHtF21nsrjuTmXWC1b5Wx/qJvwHcQnUZzHttWbtEJVqw3LtQM0tJouKQXaycic0WkUzse7lIu0bx2G62OLk39qhdr69e35X8QMdsZ8boIqvMHkczo2wRHMW+HrnxZGOr52RUqGdW+8rmh1upfiT+6NvRrozdzfeEAOUCGO1ZnR1bKZTHXQ27vwvD94QoogAAAAAAAAAAAAAAAAAAAAAAAAAAAAAAAAAAAAAAAAAAAAAAAAAAAAAAAAAAAAAAAAAAAAAAAAAAAAAAAAAAAAAAAAAAAAAAAAAAAAAAAAAAAAAAAAAAAAAAAAAAAAAAAAAAAAAAAAAAAAAAAAAAAAAAAAAAAAAAAAAAAAAAAAAAAAAAAAAAAAAAAAAAAAAAAAAAAAAAAAAAAAAAAAAAAAAAAAAAAAAAAAAAAAAAAAAAAAAAANzVfyM2DLQbOsKgAAAAAElFTkSuQmCC`;

exports[`drawing nine slice sprites 1`] = `data:image/png;base64,iVBORw0KGgoAAAANSUhEUgAAAGQAAABkCAYAAABw4pVUAAAABmJLR0QA/wD/AP+gvaeTAAABiklEQVR4nO3cMUrDYBzG4X+kg2dwEOnipJMewAN4C8FDOHsIwVt4AA+gk04uIg6ewU0H26ISK2oSX5rnWVrKBw35kTbN1y9NzUy39l6qxf3DddP2Ov2YVL3FODi5ah9xuv8iynCaeYzn28fWAes7m3V5uu9IGcjaf28AHwkSRpAwk6qqu4vz2j48ah1wd3E+6AaN3WT+xI7P0FS9nfZu7B63Dni6OXOGNaDFjvbDEAAAAOCz3i6LfHUppmu/vbQz3dqLnJqefD/k55bO0XftF3P+i+0L/L9A50G+m6Pv2k937Psr27PHqCijnTFMnf8ZXZD7h+vm6easqjLnenr5Dkk3ixD1UTU3uiNkLjFG1YiDpBIkjCBhBAkjSBhBwggSRpAwgoQRJIwgYQQJI0gYQcIIEkaQMIKEESSMIGEECSNIGEHCCBJGkDCChBEkjCBhBAkjSJheliMsu0NdH++1SnpbH7JqO2oovayRWHaHuq4lroL6i9EuiwYAAAAAAAAAAAAAAAAAAIBV8ArspncfT6tI+wAAAABJRU5ErkJggg==`;

exports[`drawing nine slices 1`] = `data:image/png;base64,iVBORw0KGgoAAAANSUhEUgAAAGQAAABkCAYAAABw4pVUAAAABmJLR0QA/wD/AP+gvaeTAAABiklEQVR4nO3cMUrDYBzG4X+kg2dwEOnipJMewAN4C8FDOHsIwVt4AA+gk04uIg6ewU0H26ISK2oSX5rnWVrKBw35kTbN1y9NzUy39l6qxf3DddP2Ov2YVL3FODi5ah9xuv8iynCaeYzn28fWAes7m3V5uu9IGcjaf28AHwkSRpAwk6qqu4vz2j48ah1wd3E+6AaN3WT+xI7P0FS9nfZu7B63Dni6OXOGNaDFjvbDEAAAAOCz3i6LfHUppmu/vbQz3dqLnJqefD/k55bO0XftF3P+i+0L/L9A50G+m6Pv2k937Psr27PHqCijnTFMnf8ZXZD7h+vm6easqjLnenr5Dkk3ixD1UTU3uiNkLjFG1YiDpBIkjCBhBAkjSBhBwggSRpAwgoQRJIwgYQQJI0gYQcIIEkaQMIKEESSMIGEECSNIGEHCCBJGkDCChBEkjCBhBAkjSJheliMsu0NdH++1SnpbH7JqO2oovayRWHaHuq4lroL6i9EuiwYAAAAAAAAAAAAAAAAAAIBV8ArspncfT6tI+wAAAABJRU5ErkJggg==`;

exports[`drawing sprites 1`] = `data:image/png;base64,iVBORw0KGgoAAAANSUhEUgAAAGQAAABkCAYAAABw4pVUAAAABmJLR0QA/wD/AP+gvaeTAAABC0lEQVR4nO3ZsY2DMBQG4PiULRiAddJlgBTMlIIB6FgnAzAH153AsdAJJ9hRvq8zlfV+np8FpxOf6T5d5tJ7+Abn1MNl8btmDMdth5/SG2AtGYiuqMh9uszLIyte816rTtgqvK45xtORFRe+a8YgjOMY6pUx1CuzCqRrxmCAl5XshDgUHVOYa29FUsUXSCFbhRcKAAD8eVxvrscZkv/U/2tZ/HbofV55AZ/fK5MViK6oyON6m5dHVrxmn11v+FbhdU2e3UdWXPh26IMw8hnqlTHUK7MrkHbogwH+HllveByKjinMtbciqeILpJCtwgsFAAAAAAAAAAAAAAAAAAAAAAAAAAAAAAAAgJf4BYO6bb79zZGsAAAAAElFTkSuQmCC`;

exports[`fillRect 1`] = `data:image/png;base64,iVBORw0KGgoAAAANSUhEUgAAAGQAAABkCAYAAABw4pVUAAAABmJLR0QA/wD/AP+gvaeTAAAAkUlEQVR4nO3R0QmAQAwFwZz993xWIPhx4CIzBSQ8dgYAAADoWHtmHz04s07ee28f3TGzPtlxffGUZ4LECBIjSIwgMYLECBIjSIwgMYLECBIjSIwgMYLECBIjSIwgMYLECBIjSIwgMYLECBIjSIwgMYLECBIjSIwgAAAAAAAAAAAAAAAAAAAAAAAAAAAAAAD8zg00zgQ8AVRzswAAAABJRU5ErkJggg==`;

exports[`line 1`] = `data:image/png;base64,iVBORw0KGgoAAAANSUhEUgAAAGQAAABkCAYAAABw4pVUAAAABmJLR0QA/wD/AP+gvaeTAAAAsklEQVR4nO3TSQ4DIQxFQe5/abKKwoJE3WnADFUnsPX0UwIAAAAmklPK0Te0kTf5I60eJeetYrytGWXDEKV1omy6ipr5oxwSojRnlINWUTNXlINDlOKjHL6KmrgoQnw1NopVXDImihC39ItiFX9rH0WIx9pEsYqmnkURoov7Uayiu+tRhBjmdxSrCFGPIkSoTxSrmIgQAAAAAAAAAAAAAAAAAAAAAAAAAAAAAAAAAABAoBfBIGWb6sJwyQAAAABJRU5ErkJggg==`;

exports[`measure 1`] = `
[
  {
    "h": 7,
    "w": 52,
    "x": 0,
    "y": 0,
  },
  {
    "h": 7,
    "w": 6,
    "x": 0,
    "y": 0,
  },
  {
    "h": 7,
    "w": 18,
    "x": 0,
    "y": 0,
  },
  {
    "h": 14,
    "w": 59,
    "x": 0,
    "y": 0,
  },
]
`;

exports[`measure text 1`] = `
[
  {
    "h": 7,
    "w": 52,
    "x": 0,
    "y": 0,
  },
  {
    "h": 7,
    "w": 6,
    "x": 0,
    "y": 0,
  },
  {
    "h": 7,
    "w": 18,
    "x": 0,
    "y": 0,
  },
  {
    "h": 14,
    "w": 59,
    "x": 0,
    "y": 0,
  },
]
`;

exports[`measure text with alternate font 1`] = `
[
  {
    "h": 6,
    "w": 65,
    "x": 0,
    "y": 0,
  },
  {
    "h": 6,
    "w": 18,
    "x": 0,
    "y": 0,
  },
  {
    "h": 6,
    "w": 18,
    "x": 0,
    "y": 0,
  },
  {
    "h": 12,
    "w": 67,
    "x": 0,
    "y": 0,
  },
]
`;

exports[`measure with alternate font 1`] = `
[
  {
    "h": 6,
    "w": 65,
    "x": 0,
    "y": 0,
  },
  {
    "h": 6,
    "w": 18,
    "x": 0,
    "y": 0,
  },
  {
    "h": 6,
    "w": 18,
    "x": 0,
    "y": 0,
  },
  {
    "h": 12,
    "w": 67,
    "x": 0,
    "y": 0,
  },
]
`;

exports[`nested views 1`] = `data:image/png;base64,iVBORw0KGgoAAAANSUhEUgAAAGQAAABkCAYAAABw4pVUAAAABmJLR0QA/wD/AP+gvaeTAAAAqklEQVR4nO3ZQQ6DMAwEwLTi/19Or1UEFlWd4NKZCxEEg4zwZVsDAAAAAAAAAK7Ui9b6C/1g/X4u2hM1fLz3dp6LntOH47g+65HwLqVtk+pGzT5qag+u8aVoLO2Nnb0/KKp767EFAAAAAADQ8jN6+coHZmf0Z/YtsypTz5ad0ZeJj2dl6tlmZvRlPsYvWZHRlxhZAAAAAAAAAAAAAAAAAAAAAAAAAAAAXOoFBWU137Z0Se8AAAAASUVORK5CYII=`;

exports[`nesting views 1`] = `data:image/png;base64,iVBORw0KGgoAAAANSUhEUgAAAGQAAABkCAYAAABw4pVUAAAABmJLR0QA/wD/AP+gvaeTAAAAqklEQVR4nO3ZQQ6DMAwEwLTi/19Or1UEFlWd4NKZCxEEg4zwZVsDAAAAAAAAAK7Ui9b6C/1g/X4u2hM1fLz3dp6LntOH47g+65HwLqVtk+pGzT5qag+u8aVoLO2Nnb0/KKp767EFAAAAAADQ8jN6+coHZmf0Z/YtsypTz5ad0ZeJj2dl6tlmZvRlPsYvWZHRlxhZAAAAAAAAAAAAAAAAAAAAAAAAAAAAXOoFBWU137Z0Se8AAAAASUVORK5CYII=`;

exports[`stamp 1`] = `data:image/png;base64,iVBORw0KGgoAAAANSUhEUgAAAGQAAABkCAYAAABw4pVUAAAABmJLR0QA/wD/AP+gvaeTAAAAc0lEQVR4nO3UOQrAMAwEwJXJ/7/stHYgrpyjmGkWoUawoAQAAAD4kZ701Txs+npmhyNZlXClhKe1rw9g1pKkkhrzXtWc7FbJ/LLWpYwvSykAAAAAAAAAAAAAAAAAAAAAAAAAAAAAAAAAAAAAAAAAAACvOwEgqhAG1dFRpwAAAABJRU5ErkJggg==`;

exports[`strokeRect 1`] = `data:image/png;base64,iVBORw0KGgoAAAANSUhEUgAAAGQAAABkCAYAAABw4pVUAAAABmJLR0QA/wD/AP+gvaeTAAAAqUlEQVR4nO3awQ3CQAwAQR+i/5ZDBSh5XMhKzBRgy9qvZwAAAICOdcwc24fOrN0zzx3b75hZv79jd5A7Al/cvHnvHYHPvZ5YyneCxAgSI0iMIDGCxAgSI0iMIDGCxAgSI0iMIDGCxAgSI0iMIDGCxAgSI0iMIDGCxAgSI0iMIDGCxAgSI0jMe+bJB+ndnnmQBgAAAAAAAAAAAAAAAAAAAAAAAAAAAAD+3gczgBAyF5ts6AAAAABJRU5ErkJggg==`;

exports[`views 1`] = `data:image/png;base64,iVBORw0KGgoAAAANSUhEUgAAAGQAAABkCAYAAABw4pVUAAAABmJLR0QA/wD/AP+gvaeTAAAAd0lEQVR4nO3UMQrAIAwFUC29/5XTxUJpFYy4FN4DF8nPEImlAAAAAP8UC3WzGZojWR/lO+TeXSbPQ/ZBajv3UDPbEJ08L+eGHnVDDxaMtmH0jc3WAgAAAAAAAAAAAAAAAAAAAAAAAAAAAAAAAAAAAAAAAAAAMOsC26YV+N2WyAMAAAAASUVORK5CYII=`;

exports[`writing text 1`] = `data:image/png;base64,iVBORw0KGgoAAAANSUhEUgAAAGQAAABkCAYAAABw4pVUAAAABmJLR0QA/wD/AP+gvaeTAAAByklEQVR4nO3c0ZKDIAxA0dDph/vn2QcLBgwaq66tvWemq9AECqhPrCIAAAAAAOCDqIiOh3hcNOdIvT6v+C1neoqU0Wgaj+lVp6VQDr5IrDrt57KXv9am3mgRrIfIONok08LYwWp1mMsTmwKx0fy1Nu33d/Mw59X4kvkEhUIXHjFeflpp9HZrktpHRx5hnjHzyFCdytKem9jmtCj52gS0+eb7KszrU/zYr2WeCt3zXJaNsZ72zujNr7PG3f4j/QIAAAAAAAAAAAAAAAAA8M+G4K51GxfNOVKvz5N+y2M95ESDzAc2iG5arLVYr327wFv7n76/mWnQ0wQMzUeayfHP1yfQW5Be//26eJ87PI9u8A31Pt1hZ37PuMjR/LRyF8T6/CpLV1599flX7jy2N0H+HeDl+1e93+dJd8iVO8bZdQ8AAAAAAAAAAAAAAAAAwPE0uOPQxkVz9vuEvb0X0NefJFJ2Huprwm1dNz8Qq077uezlj3U/uiDVO7S1vvhzXU+ZWBu7YTuplz81ce3/h1wrzYub3nYfDOw+7tx33f/yghh5D7WairKvWv1ze6Uvtdm+7X45/xd3bn/TrnsAAAAAAAAAAAAAAAAAwE5/KBEtGwCQK3cAAAAASUVORK5CYII=`;

exports[`writing text in lines 1`] = `data:image/png;base64,iVBORw0KGgoAAAANSUhEUgAAAGQAAABkCAYAAABw4pVUAAAABmJLR0QA/wD/AP+gvaeTAAABYElEQVR4nO3Y0Y7CIBAAQGr8/1/uPZxNKgFhG4jSzLxUcYsrFLo2JQAAAOD37I33tbZIn5H46Lmjcvi6Lb0nvb2Opbaz1udX4vfCZ7Xz9kJb7Tt78vs5n1bIXjj2XHlX40vfWeqvp9/lVsjzwjn5KmpdgdH4SA6383gdj62r90qODG5vfL59tuJ6V8dyqwQYLXozvVMZPXULrJW5rXIzb0+NmLuU0Vvh9XCRcrN0TqvPVn8rldF5H8NdKXtHW6mMnroyUvqfkGi52eMc2/oBM7arcw49Exz557/0EwC4h/MN7Zvl5ehSNXKz/hm1ZGs/Jm+vDeKVwa39X/mUR68lJuV4llUbvC293/T2U9tsrTxKcbV+pldHoxxl74xkI1XZ1f4jcUtMyqMd8qb0pDUvG0tX9tmnSZrxxHepFTJbPmhL7OMAAAAAAAAAAAAAAAAAAAAAAAAAAAAAAAAAAACM8gen45y/YS1iBwAAAABJRU5ErkJggg==`;

exports[`writing text with cursor state 1`] = `data:image/png;base64,iVBORw0KGgoAAAANSUhEUgAAAGQAAABkCAYAAABw4pVUAAAABmJLR0QA/wD/AP+gvaeTAAAAwElEQVR4nO3VWw6DIBQFwEvj/rdMf2pr8BGkUmwy8wUELkciGgEAAAD8gRyR+5RtWnOHLDn6ZXmblgefItJr59pNl/PSRn9rXm2teWyrPSJLWeMoS7vl4e+195eu2rVjtfVq1v0yS/cb8uhZ/CL93sbzUqxv36WmiM9tKD9ZOSKn/cOoDXbmAeZ5qeiX4yOzHOX4Xqefd4u75Ii4VxYAAAAAAAAAAAAAAAAAAAAAAAAAAAAAAAAAAAAAAAAAABjqCeHkReA6V7QgAAAAAElFTkSuQmCC`;

exports[`writing with alternate fonts 1`] = `data:image/png;base64,iVBORw0KGgoAAAANSUhEUgAAAUAAAAC0CAYAAADl5PURAAAABmJLR0QA/wD/AP+gvaeTAAAC4klEQVR4nO3d0W7rIAwA0PZq///LvU+VImTAJqTqlnOkaWqKDc0WiyrQPh4AAAAAAAAAAAAAAAD8Pa/g53H43bat5l4Zz9kcmbzR82dfXzZ+pa9Kfri150LMq4k7XmxRvtnzK+2jNr24V3CsmvP4uM3Txr2C9u2xaJzReHp9jXJVzzdQMJrNtLPC7Aym2r4yjnbGOss1im3zjF5771j0uDemlb6y+eH2fi7O35tJ7WpfGcOu2E/Oqszg4EJXF8Ar3v4en58Vykybtt1q/syxZ9AmW+QqMSv5AQAAAAAAgL+gcoewepd0x13Ib7+TeXbx9c4xrPZ1duH0t/+NoKv6TzvaiZDJt2OXwpmlNe+Y6rh7eY7HZ+ckKhSV81l5HdXdL5ndLaN+2uPwK/zblKe9IKLdFyuFa0eOUdvehVzNE+Xs5W93cWQKTK//bF8zUcxoEXjURvHj19lVAFuzHRSZC3NHjm/zfHxud0mvr15buJ2rCuBs32r1LedqjuwMb0ee7IcprIxl1P/uvt6iD2OI7DrHAAAAAAAAwKdlPll5FHtF21nsrjuTmXWC1b5Wx/qJvwHcQnUZzHttWbtEJVqw3LtQM0tJouKQXaycic0WkUzse7lIu0bx2G62OLk39qhdr69e35X8QMdsZ8boIqvMHkczo2wRHMW+HrnxZGOr52RUqGdW+8rmh1upfiT+6NvRrozdzfeEAOUCGO1ZnR1bKZTHXQ27vwvD94QoogAAAAAAAAAAAAAAAAAAAAAAAAAAAAAAAAAAAAAAAAAAAAAAAAAAAAAAAAAAAAAAAAAAAAAAAAAAAAAAAAAAAAAAAAAAAAAAAAAAAAAAAAAAAAAAAAAAAAAAAAAAAAAAAAAAAAAAAAAAAAAAAAAAAAAAAAAAAAAAAAAAAAAAAAAAAAAAAAAAAAAAAAAAAAAAAAAAAAAAAAAAAAAAAAAAAAAAAAAAAAAAAAAAAAAAAAAAAAAAANzVfyM2DLQbOsKgAAAAAElFTkSuQmCC`;
